// Jest Snapshot v1, https://goo.gl/fbAQLP

exports[`TextInput renders and matches snapshot 1`] = `
<div>
  <div
    class="sc-bdfBwQ VfWiw"
  >
    <input
      class="sc-gsTCUz gPDLux"
      id=""
      placeholder=""
      type="text"
      value=""
    />
    <label
      for=""
    />
  </div>
</div>
`;
